191:FAIL: AgenticCircuit :: CodeGen/emit-cxx-current.mlir (190 of 197)
192:******************** TEST 'AgenticCircuit :: CodeGen/emit-cxx-current.mlir' FAILED ********************
197:RUN: at line 1: rm -rf /home/lc/pyCircuit/.pycircuit_out/local-clang22/build/compiler/acir/tests/mlir/CodeGen/Output/emit-cxx-current.mlir.tmp.frozen /home/lc/pyCircuit/.pycircuit_out/local-clang22/build/compiler/acir/tests/mlir/CodeGen/Output/emit-cxx-current.mlir.tmp.out /home/lc/pyCircuit/.pycircuit_out/local-clang22/build/compiler/acir/tests/mlir/CodeGen/Output/emit-cxx-current.mlir.tmp.out2 /home/lc/pyCircuit/.pycircuit_out/local-clang22/build/compiler/acir/tests/mlir/CodeGen/Output/emit-cxx-current.mlir.tmp.out.staging /home/lc/pyCircuit/.pycircuit_out/local-clang22/build/compiler/acir/tests/mlir/CodeGen/Output/emit-cxx-current.mlir.tmp.out.prev /home/lc/pyCircuit/.pycircuit_out/local-clang22/build/compiler/acir/tests/mlir/CodeGen/Output/emit-cxx-current.mlir.tmp.build /home/lc/pyCircuit/.pycircuit_out/local-clang22/build/compiler/acir/tests/mlir/CodeGen/Output/emit-cxx-current.mlir.tmp.build.work /home/lc/pyCircuit/.pycircuit_out/local-clang22/build/compiler/acir/tests/mlir/CodeGen/Output/emit-cxx-current.mlir.tmp.build.prev /home/lc/pyCircuit/.pycircuit_out/local-clang22/build/compiler/acir/tests/mlir/CodeGen/Output/emit-cxx-current.mlir.tmp.unowned /home/lc/pyCircuit/.pycircuit_out/local-clang22/build/compiler/acir/tests/mlir/CodeGen/Output/emit-cxx-current.mlir.tmp.unowned.work /home/lc/pyCircuit/.pycircuit_out/local-clang22/build/compiler/acir/tests/mlir/CodeGen/Output/emit-cxx-current.mlir.tmp.build-unowned /home/lc/pyCircuit/.pycircuit_out/local-clang22/build/compiler/acir/tests/mlir/CodeGen/Output/emit-cxx-current.mlir.tmp.link /home/lc/pyCircuit/.pycircuit_out/local-clang22/build/compiler/acir/tests/mlir/CodeGen/Output/emit-cxx-current.mlir.tmp.link-target /home/lc/pyCircuit/.pycircuit_out/local-clang22/build/compiler/acir/tests/mlir/CodeGen/Output/emit-cxx-current.mlir.tmp.file
198:+ rm -rf /home/lc/pyCircuit/.pycircuit_out/local-clang22/build/compiler/acir/tests/mlir/CodeGen/Output/emit-cxx-current.mlir.tmp.frozen /home/lc/pyCircuit/.pycircuit_out/local-clang22/build/compiler/acir/tests/mlir/CodeGen/Output/emit-cxx-current.mlir.tmp.out /home/lc/pyCircuit/.pycircuit_out/local-clang22/build/compiler/acir/tests/mlir/CodeGen/Output/emit-cxx-current.mlir.tmp.out2 /home/lc/pyCircuit/.pycircuit_out/local-clang22/build/compiler/acir/tests/mlir/CodeGen/Output/emit-cxx-current.mlir.tmp.out.staging /home/lc/pyCircuit/.pycircuit_out/local-clang22/build/compiler/acir/tests/mlir/CodeGen/Output/emit-cxx-current.mlir.tmp.out.prev /home/lc/pyCircuit/.pycircuit_out/local-clang22/build/compiler/acir/tests/mlir/CodeGen/Output/emit-cxx-current.mlir.tmp.build /home/lc/pyCircuit/.pycircuit_out/local-clang22/build/compiler/acir/tests/mlir/CodeGen/Output/emit-cxx-current.mlir.tmp.build.work /home/lc/pyCircuit/.pycircuit_out/local-clang22/build/compiler/acir/tests/mlir/CodeGen/Output/emit-cxx-current.mlir.tmp.build.prev /home/lc/pyCircuit/.pycircuit_out/local-clang22/build/compiler/acir/tests/mlir/CodeGen/Output/emit-cxx-current.mlir.tmp.unowned /home/lc/pyCircuit/.pycircuit_out/local-clang22/build/compiler/acir/tests/mlir/CodeGen/Output/emit-cxx-current.mlir.tmp.unowned.work /home/lc/pyCircuit/.pycircuit_out/local-clang22/build/compiler/acir/tests/mlir/CodeGen/Output/emit-cxx-current.mlir.tmp.build-unowned /home/lc/pyCircuit/.pycircuit_out/local-clang22/build/compiler/acir/tests/mlir/CodeGen/Output/emit-cxx-current.mlir.tmp.link /home/lc/pyCircuit/.pycircuit_out/local-clang22/build/compiler/acir/tests/mlir/CodeGen/Output/emit-cxx-current.mlir.tmp.link-target /home/lc/pyCircuit/.pycircuit_out/local-clang22/build/compiler/acir/tests/mlir/CodeGen/Output/emit-cxx-current.mlir.tmp.file
199:RUN: at line 2: /home/lc/pyCircuit/.pycircuit_out/local-clang22/build/bin/acir-opt --verify-each=false --pass-pipeline='builtin.module(ac-freeze-topology)' /home/lc/pyCircuit/tests/mlir/agentic-circuit/CodeGen/emit-cxx-current.mlir -o /home/lc/pyCircuit/.pycircuit_out/local-clang22/build/compiler/acir/tests/mlir/CodeGen/Output/emit-cxx-current.mlir.tmp.frozen
200:+ /home/lc/pyCircuit/.pycircuit_out/local-clang22/build/bin/acir-opt --verify-each=false '--pass-pipeline=builtin.module(ac-freeze-topology)' /home/lc/pyCircuit/tests/mlir/agentic-circuit/CodeGen/emit-cxx-current.mlir -o /home/lc/pyCircuit/.pycircuit_out/local-clang22/build/compiler/acir/tests/mlir/CodeGen/Output/emit-cxx-current.mlir.tmp.frozen
201:RUN: at line 3: mkdir /home/lc/pyCircuit/.pycircuit_out/local-clang22/build/compiler/acir/tests/mlir/CodeGen/Output/emit-cxx-current.mlir.tmp.out.staging && echo keep > /home/lc/pyCircuit/.pycircuit_out/local-clang22/build/compiler/acir/tests/mlir/CodeGen/Output/emit-cxx-current.mlir.tmp.out.staging/sentinel
202:+ mkdir /home/lc/pyCircuit/.pycircuit_out/local-clang22/build/compiler/acir/tests/mlir/CodeGen/Output/emit-cxx-current.mlir.tmp.out.staging
204:RUN: at line 4: /home/lc/pyCircuit/.pycircuit_out/local-clang22/build/bin/acir-opt --ac-lower-to-acsim --ac-binding-profile=fast --ac-binding-target=x86_64-linux-gnu --acsim-output-dir=/home/lc/pyCircuit/.pycircuit_out/local-clang22/build/compiler/acir/tests/mlir/CodeGen/Output/emit-cxx-current.mlir.tmp.out /home/lc/pyCircuit/.pycircuit_out/local-clang22/build/compiler/acir/tests/mlir/CodeGen/Output/emit-cxx-current.mlir.tmp.frozen -o /dev/null
205:+ /home/lc/pyCircuit/.pycircuit_out/local-clang22/build/bin/acir-opt --ac-lower-to-acsim --ac-binding-profile=fast --ac-binding-target=x86_64-linux-gnu --acsim-output-dir=/home/lc/pyCircuit/.pycircuit_out/local-clang22/build/compiler/acir/tests/mlir/CodeGen/Output/emit-cxx-current.mlir.tmp.out /home/lc/pyCircuit/.pycircuit_out/local-clang22/build/compiler/acir/tests/mlir/CodeGen/Output/emit-cxx-current.mlir.tmp.frozen -o /dev/null
206:RUN: at line 5: test -f /home/lc/pyCircuit/.pycircuit_out/local-clang22/build/compiler/acir/tests/mlir/CodeGen/Output/emit-cxx-current.mlir.tmp.out.staging/sentinel
207:+ test -f /home/lc/pyCircuit/.pycircuit_out/local-clang22/build/compiler/acir/tests/mlir/CodeGen/Output/emit-cxx-current.mlir.tmp.out.staging/sentinel
208:RUN: at line 6: /home/lc/opt/llvm-22.1.8/bin/FileCheck /home/lc/pyCircuit/tests/mlir/agentic-circuit/CodeGen/emit-cxx-current.mlir --input-file=/home/lc/pyCircuit/.pycircuit_out/local-clang22/build/compiler/acir/tests/mlir/CodeGen/Output/emit-cxx-current.mlir.tmp.out/include/generated/model.h --check-prefix=HDR
209:+ /home/lc/opt/llvm-22.1.8/bin/FileCheck /home/lc/pyCircuit/tests/mlir/agentic-circuit/CodeGen/emit-cxx-current.mlir --input-file=/home/lc/pyCircuit/.pycircuit_out/local-clang22/build/compiler/acir/tests/mlir/CodeGen/Output/emit-cxx-current.mlir.tmp.out/include/generated/model.h --check-prefix=HDR
210:RUN: at line 7: /home/lc/opt/llvm-22.1.8/bin/FileCheck /home/lc/pyCircuit/tests/mlir/agentic-circuit/CodeGen/emit-cxx-current.mlir --input-file=/home/lc/pyCircuit/.pycircuit_out/local-clang22/build/compiler/acir/tests/mlir/CodeGen/Output/emit-cxx-current.mlir.tmp.out/src/generated/model.cpp --check-prefix=SRC
211:+ /home/lc/opt/llvm-22.1.8/bin/FileCheck /home/lc/pyCircuit/tests/mlir/agentic-circuit/CodeGen/emit-cxx-current.mlir --input-file=/home/lc/pyCircuit/.pycircuit_out/local-clang22/build/compiler/acir/tests/mlir/CodeGen/Output/emit-cxx-current.mlir.tmp.out/src/generated/model.cpp --check-prefix=SRC
212:RUN: at line 8: /home/lc/opt/llvm-22.1.8/bin/FileCheck /home/lc/pyCircuit/tests/mlir/agentic-circuit/CodeGen/emit-cxx-current.mlir --input-file=/home/lc/pyCircuit/.pycircuit_out/local-clang22/build/compiler/acir/tests/mlir/CodeGen/Output/emit-cxx-current.mlir.tmp.out/build-manifest.json --check-prefix=MAN
213:+ /home/lc/opt/llvm-22.1.8/bin/FileCheck /home/lc/pyCircuit/tests/mlir/agentic-circuit/CodeGen/emit-cxx-current.mlir --input-file=/home/lc/pyCircuit/.pycircuit_out/local-clang22/build/compiler/acir/tests/mlir/CodeGen/Output/emit-cxx-current.mlir.tmp.out/build-manifest.json --check-prefix=MAN
214:RUN: at line 9: test -f /home/lc/pyCircuit/.pycircuit_out/local-clang22/build/compiler/acir/tests/mlir/CodeGen/Output/emit-cxx-current.mlir.tmp.out/.agentic-circuit-output
215:+ test -f /home/lc/pyCircuit/.pycircuit_out/local-clang22/build/compiler/acir/tests/mlir/CodeGen/Output/emit-cxx-current.mlir.tmp.out/.agentic-circuit-output
216:RUN: at line 10: mkdir /home/lc/pyCircuit/.pycircuit_out/local-clang22/build/compiler/acir/tests/mlir/CodeGen/Output/emit-cxx-current.mlir.tmp.out.prev && echo keep > /home/lc/pyCircuit/.pycircuit_out/local-clang22/build/compiler/acir/tests/mlir/CodeGen/Output/emit-cxx-current.mlir.tmp.out.prev/sentinel
217:+ mkdir /home/lc/pyCircuit/.pycircuit_out/local-clang22/build/compiler/acir/tests/mlir/CodeGen/Output/emit-cxx-current.mlir.tmp.out.prev
219:RUN: at line 11: /home/lc/pyCircuit/.pycircuit_out/local-clang22/build/bin/acir-opt --ac-lower-to-acsim --ac-binding-profile=fast --ac-binding-target=x86_64-linux-gnu --acsim-output-dir=/home/lc/pyCircuit/.pycircuit_out/local-clang22/build/compiler/acir/tests/mlir/CodeGen/Output/emit-cxx-current.mlir.tmp.out /home/lc/pyCircuit/.pycircuit_out/local-clang22/build/compiler/acir/tests/mlir/CodeGen/Output/emit-cxx-current.mlir.tmp.frozen -o /dev/null
220:+ /home/lc/pyCircuit/.pycircuit_out/local-clang22/build/bin/acir-opt --ac-lower-to-acsim --ac-binding-profile=fast --ac-binding-target=x86_64-linux-gnu --acsim-output-dir=/home/lc/pyCircuit/.pycircuit_out/local-clang22/build/compiler/acir/tests/mlir/CodeGen/Output/emit-cxx-current.mlir.tmp.out /home/lc/pyCircuit/.pycircuit_out/local-clang22/build/compiler/acir/tests/mlir/CodeGen/Output/emit-cxx-current.mlir.tmp.frozen -o /dev/null
221:RUN: at line 12: test -f /home/lc/pyCircuit/.pycircuit_out/local-clang22/build/compiler/acir/tests/mlir/CodeGen/Output/emit-cxx-current.mlir.tmp.out.prev/sentinel
222:+ test -f /home/lc/pyCircuit/.pycircuit_out/local-clang22/build/compiler/acir/tests/mlir/CodeGen/Output/emit-cxx-current.mlir.tmp.out.prev/sentinel
223:RUN: at line 13: /home/lc/pyCircuit/.pycircuit_out/local-clang22/build/bin/acir-opt --ac-lower-to-acsim --ac-binding-profile=fast --ac-binding-target=x86_64-linux-gnu --acsim-output-dir=/home/lc/pyCircuit/.pycircuit_out/local-clang22/build/compiler/acir/tests/mlir/CodeGen/Output/emit-cxx-current.mlir.tmp.out2 /home/lc/pyCircuit/.pycircuit_out/local-clang22/build/compiler/acir/tests/mlir/CodeGen/Output/emit-cxx-current.mlir.tmp.frozen -o /dev/null
224:+ /home/lc/pyCircuit/.pycircuit_out/local-clang22/build/bin/acir-opt --ac-lower-to-acsim --ac-binding-profile=fast --ac-binding-target=x86_64-linux-gnu --acsim-output-dir=/home/lc/pyCircuit/.pycircuit_out/local-clang22/build/compiler/acir/tests/mlir/CodeGen/Output/emit-cxx-current.mlir.tmp.out2 /home/lc/pyCircuit/.pycircuit_out/local-clang22/build/compiler/acir/tests/mlir/CodeGen/Output/emit-cxx-current.mlir.tmp.frozen -o /dev/null
225:RUN: at line 14: diff /home/lc/pyCircuit/.pycircuit_out/local-clang22/build/compiler/acir/tests/mlir/CodeGen/Output/emit-cxx-current.mlir.tmp.out/include/generated/model.h /home/lc/pyCircuit/.pycircuit_out/local-clang22/build/compiler/acir/tests/mlir/CodeGen/Output/emit-cxx-current.mlir.tmp.out2/include/generated/model.h
226:+ diff /home/lc/pyCircuit/.pycircuit_out/local-clang22/build/compiler/acir/tests/mlir/CodeGen/Output/emit-cxx-current.mlir.tmp.out/include/generated/model.h /home/lc/pyCircuit/.pycircuit_out/local-clang22/build/compiler/acir/tests/mlir/CodeGen/Output/emit-cxx-current.mlir.tmp.out2/include/generated/model.h
227:RUN: at line 15: diff /home/lc/pyCircuit/.pycircuit_out/local-clang22/build/compiler/acir/tests/mlir/CodeGen/Output/emit-cxx-current.mlir.tmp.out/src/generated/model.cpp /home/lc/pyCircuit/.pycircuit_out/local-clang22/build/compiler/acir/tests/mlir/CodeGen/Output/emit-cxx-current.mlir.tmp.out2/src/generated/model.cpp
228:+ diff /home/lc/pyCircuit/.pycircuit_out/local-clang22/build/compiler/acir/tests/mlir/CodeGen/Output/emit-cxx-current.mlir.tmp.out/src/generated/model.cpp /home/lc/pyCircuit/.pycircuit_out/local-clang22/build/compiler/acir/tests/mlir/CodeGen/Output/emit-cxx-current.mlir.tmp.out2/src/generated/model.cpp
229:RUN: at line 16: mkdir /home/lc/pyCircuit/.pycircuit_out/local-clang22/build/compiler/acir/tests/mlir/CodeGen/Output/emit-cxx-current.mlir.tmp.build.work /home/lc/pyCircuit/.pycircuit_out/local-clang22/build/compiler/acir/tests/mlir/CodeGen/Output/emit-cxx-current.mlir.tmp.build.prev && echo keep > /home/lc/pyCircuit/.pycircuit_out/local-clang22/build/compiler/acir/tests/mlir/CodeGen/Output/emit-cxx-current.mlir.tmp.build.work/sentinel && echo keep > /home/lc/pyCircuit/.pycircuit_out/local-clang22/build/compiler/acir/tests/mlir/CodeGen/Output/emit-cxx-current.mlir.tmp.build.prev/sentinel
230:+ mkdir /home/lc/pyCircuit/.pycircuit_out/local-clang22/build/compiler/acir/tests/mlir/CodeGen/Output/emit-cxx-current.mlir.tmp.build.work /home/lc/pyCircuit/.pycircuit_out/local-clang22/build/compiler/acir/tests/mlir/CodeGen/Output/emit-cxx-current.mlir.tmp.build.prev
233:RUN: at line 17: /home/lc/pyCircuit/.pycircuit_out/local-clang22/build/bin/acir-build /home/lc/pyCircuit/.pycircuit_out/local-clang22/build/compiler/acir/tests/mlir/CodeGen/Output/emit-cxx-current.mlir.tmp.frozen --output-dir=/home/lc/pyCircuit/.pycircuit_out/local-clang22/build/compiler/acir/tests/mlir/CodeGen/Output/emit-cxx-current.mlir.tmp.build --profile=fast --target=x86_64-linux-gnu
234:+ /home/lc/pyCircuit/.pycircuit_out/local-clang22/build/bin/acir-build /home/lc/pyCircuit/.pycircuit_out/local-clang22/build/compiler/acir/tests/mlir/CodeGen/Output/emit-cxx-current.mlir.tmp.frozen --output-dir=/home/lc/pyCircuit/.pycircuit_out/local-clang22/build/compiler/acir/tests/mlir/CodeGen/Output/emit-cxx-current.mlir.tmp.build --profile=fast --target=x86_64-linux-gnu
236:/home/lc/pyCircuit/simulator/gfsim/harness.cpp:446:(.text+0x70): undefined reference to `acir::bindings::parseIJson(llvm::StringRef, acir::bindings::JsonParseLimits const&)'
237:/home/lc/opt/gcc14/bin/aarch64-conda-linux-gnu-ld: /home/lc/pyCircuit/simulator/gfsim/harness.cpp:451:(.text+0x14c): undefined reference to `llvm::json::Object::get(llvm::StringRef) const'
238:/home/lc/opt/gcc14/bin/aarch64-conda-linux-gnu-ld: /home/lc/pyCircuit/simulator/gfsim/harness.cpp:452:(.text+0x18c): undefined reference to `llvm::json::Object::getBoolean(llvm::StringRef) const'
239:/home/lc/opt/gcc14/bin/aarch64-conda-linux-gnu-ld: /home/lc/pyCircuit/simulator/gfsim/harness.cpp:473:(.text+0x31c): undefined reference to `llvm::json::Object::getString(llvm::StringRef) const'
240:/home/lc/opt/gcc14/bin/aarch64-conda-linux-gnu-ld: /home/lc/pyCircuit/simulator/gfsim/harness.cpp:474:(.text+0x37c): undefined reference to `llvm::json::Object::getString(llvm::StringRef) const'
241:/home/lc/opt/gcc14/bin/aarch64-conda-linux-gnu-ld: /home/lc/pyCircuit/simulator/gfsim/harness.cpp:475:(.text+0x3dc): undefined reference to `llvm::json::Object::getString(llvm::StringRef) const'
242:/home/lc/opt/gcc14/bin/aarch64-conda-linux-gnu-ld: /home/lc/pyCircuit/simulator/gfsim/harness.cpp:479:(.text+0x4b4): undefined reference to `llvm::json::Object::get(llvm::StringRef) const'
243:/home/lc/opt/gcc14/bin/aarch64-conda-linux-gnu-ld: /home/lc/pyCircuit/simulator/gfsim/harness.cpp:480:(.text+0x514): undefined reference to `llvm::json::Object::get(llvm::StringRef) const'
244:/home/lc/opt/gcc14/bin/aarch64-conda-linux-gnu-ld: /home/lc/pyCircuit/simulator/gfsim/harness.cpp:510:(.text+0xc68): undefined reference to `llvm::json::Object::getObject(llvm::StringRef) const'
245:/home/lc/opt/gcc14/bin/aarch64-conda-linux-gnu-ld: /home/lc/pyCircuit/simulator/gfsim/harness.cpp:521:(.text+0xf10): undefined reference to `llvm::json::Object::getObject(llvm::StringRef) const'
246:/home/lc/opt/gcc14/bin/aarch64-conda-linux-gnu-ld: /home/lc/pyCircuit/simulator/gfsim/harness.cpp:525:(.text+0x1010): undefined reference to `llvm::json::Object::getString(llvm::StringRef) const'
247:/home/lc/opt/gcc14/bin/aarch64-conda-linux-gnu-ld: /home/lc/pyCircuit/simulator/gfsim/harness.cpp:526:(.text+0x1040): undefined reference to `llvm::json::Object::get(llvm::StringRef) const'
248:/home/lc/opt/gcc14/bin/aarch64-conda-linux-gnu-ld: /home/lc/pyCircuit/simulator/gfsim/harness.cpp:559:(.text+0x1744): undefined reference to `acir::bindings::sha256Fingerprint[abi:cxx11](llvm::StringRef)'
250:/home/lc/pyCircuit/simulator/gfsim/harness.cpp:87:(.text+0x2534): undefined reference to `llvm::json::Object::get(llvm::StringRef) const'
252:/home/lc/pyCircuit/simulator/gfsim/harness.cpp:78:(.text+0x26b4): undefined reference to `llvm::json::Object::getString(llvm::StringRef) const'
254:/home/lc/pyCircuit/simulator/gfsim/harness.cpp:96:(.text+0x2818): undefined reference to `llvm::json::Object::get(llvm::StringRef) const'
256:/home/lc/pyCircuit/simulator/gfsim/harness.cpp:576:(.text+0x2e48): undefined reference to `acir::bindings::sha256Fingerprint[abi:cxx11](llvm::StringRef)'
257:/home/lc/opt/gcc14/bin/aarch64-conda-linux-gnu-ld: /home/lc/pyCircuit/simulator/gfsim/harness.cpp:579:(.text+0x2f2c): undefined reference to `acir::bindings::parseIJson(llvm::StringRef, acir::bindings::JsonParseLimits const&)'
258:/home/lc/opt/gcc14/bin/aarch64-conda-linux-gnu-ld: /home/lc/pyCircuit/simulator/gfsim/harness.cpp:592:(.text+0x30b8): undefined reference to `llvm::json::Object::getString(llvm::StringRef) const'
259:/home/lc/opt/gcc14/bin/aarch64-conda-linux-gnu-ld: /home/lc/pyCircuit/simulator/gfsim/harness.cpp:593:(.text+0x3118): undefined reference to `llvm::json::Object::getString(llvm::StringRef) const'
260:/home/lc/opt/gcc14/bin/aarch64-conda-linux-gnu-ld: /home/lc/pyCircuit/simulator/gfsim/harness.cpp:594:(.text+0x3178): undefined reference to `llvm::json::Object::getString(llvm::StringRef) const'
261:/home/lc/opt/gcc14/bin/aarch64-conda-linux-gnu-ld: /home/lc/pyCircuit/simulator/gfsim/harness.cpp:595:(.text+0x31d8): undefined reference to `llvm::json::Object::getString(llvm::StringRef) const'
262:/home/lc/opt/gcc14/bin/aarch64-conda-linux-gnu-ld: /home/lc/pyCircuit/simulator/gfsim/harness.cpp:615:(.text+0x36fc): undefined reference to `acir::bindings::sha256Fingerprint[abi:cxx11](llvm::StringRef)'
264:/home/lc/pyCircuit/simulator/gfsim/harness.cpp:150:(.text+0x40d0): undefined reference to `llvm::MemoryBuffer::getFile(llvm::Twine const&, bool, bool, bool, std::optional<llvm::Align>)'
266:/home/lc/pyCircuit/simulator/gfsim/harness.cpp:694:(.text+0x4998): undefined reference to `llvm::sys::fs::create_directories(llvm::Twine const&, bool, llvm::sys::fs::perms)'
267:/home/lc/opt/gcc14/bin/aarch64-conda-linux-gnu-ld: /home/lc/pyCircuit/simulator/gfsim/harness.cpp:714:(.text+0x4c50): undefined reference to `acir::bindings::sha256Fingerprint[abi:cxx11](llvm::StringRef)'
268:/home/lc/opt/gcc14/bin/aarch64-conda-linux-gnu-ld: /home/lc/pyCircuit/simulator/gfsim/harness.cpp:715:(.text+0x4c94): undefined reference to `llvm::sys::fs::remove(llvm::Twine const&, bool)'
269:/home/lc/opt/gcc14/bin/aarch64-conda-linux-gnu-ld: /home/lc/pyCircuit/simulator/gfsim/harness.cpp:721:(.text+0x4e9c): undefined reference to `acir::bindings::sha256Fingerprint[abi:cxx11](llvm::StringRef)'
270:/home/lc/opt/gcc14/bin/aarch64-conda-linux-gnu-ld: /home/lc/pyCircuit/simulator/gfsim/harness.cpp:727:(.text+0x5094): undefined reference to `acir::bindings::sha256Fingerprint[abi:cxx11](llvm::StringRef)'
271:/home/lc/opt/gcc14/bin/aarch64-conda-linux-gnu-ld: /home/lc/pyCircuit/simulator/gfsim/harness.cpp:739:(.text+0x530c): undefined reference to `acir::bindings::sha256Fingerprint[abi:cxx11](llvm::StringRef)'
273:/home/lc/pyCircuit/simulator/gfsim/harness.cpp:359:(.text+0x64d8): undefined reference to `acir::bindings::canonicalizeJson[abi:cxx11](llvm::json::Value const&, acir::bindings::JsonParseLimits const&)'
275:/home/lc/pyCircuit/simulator/gfsim/harness.cpp:411:(.text+0x6984): undefined reference to `llvm::json::Object::operator[](llvm::json::ObjectKey&&)'
276:/home/lc/opt/gcc14/bin/aarch64-conda-linux-gnu-ld: /home/lc/pyCircuit/simulator/gfsim/harness.cpp:414:(.text+0x6bb4): undefined reference to `llvm::json::Object::get(llvm::StringRef)'
277:/home/lc/opt/gcc14/bin/aarch64-conda-linux-gnu-ld: /home/lc/pyCircuit/simulator/gfsim/harness.cpp:416:(.text+0x6c7c): undefined reference to `llvm::json::Object::operator[](llvm::json::ObjectKey&&)'
278:/home/lc/opt/gcc14/bin/aarch64-conda-linux-gnu-ld: /home/lc/pyCircuit/simulator/gfsim/harness.cpp:426:(.text+0x700c): undefined reference to `llvm::json::Object::operator[](llvm::json::ObjectKey&&)'
279:/home/lc/opt/gcc14/bin/aarch64-conda-linux-gnu-ld: /home/lc/pyCircuit/simulator/gfsim/harness.cpp:428:(.text+0x7294): undefined reference to `llvm::json::Object::operator[](llvm::json::ObjectKey&&)'
280:/home/lc/opt/gcc14/bin/aarch64-conda-linux-gnu-ld: /home/lc/pyCircuit/simulator/gfsim/harness.cpp:430:(.text+0x7344): undefined reference to `llvm::json::Object::operator[](llvm::json::ObjectKey&&)'
281:/home/lc/opt/gcc14/bin/aarch64-conda-linux-gnu-ld: /home/lc/pyCircuit/simulator/gfsim/harness.cpp:432:(.text+0x73ec): undefined reference to `llvm::json::Object::operator[](llvm::json::ObjectKey&&)'
282:/home/lc/opt/gcc14/bin/aarch64-conda-linux-gnu-ld: /home/lc/pyCircuit/simulator/gfsim/harness.cpp:434:(.text+0x7488): undefined reference to `acir::bindings::canonicalizeJson[abi:cxx11](llvm::json::Value const&, acir::bindings::JsonParseLimits const&)'
284:/home/lc/pyCircuit/simulator/gfsim/harness.cpp:176:(.text+0x76d4): undefined reference to `llvm::sys::path::append(llvm::SmallVectorImpl<char>&, llvm::Twine const&, llvm::Twine const&, llvm::Twine const&, llvm::Twine const&)'
285:/home/lc/opt/gcc14/bin/aarch64-conda-linux-gnu-ld: /home/lc/pyCircuit/simulator/gfsim/harness.cpp:178:(.text+0x76f4): undefined reference to `llvm::sys::path::remove_filename(llvm::SmallVectorImpl<char>&, llvm::sys::path::Style)'
286:/home/lc/opt/gcc14/bin/aarch64-conda-linux-gnu-ld: /home/lc/pyCircuit/simulator/gfsim/harness.cpp:179:(.text+0x7728): undefined reference to `llvm::sys::fs::create_directories(llvm::Twine const&, bool, llvm::sys::fs::perms)'
287:/home/lc/opt/gcc14/bin/aarch64-conda-linux-gnu-ld: /home/lc/pyCircuit/simulator/gfsim/harness.cpp:186:(.text+0x7858): undefined reference to `llvm::raw_fd_ostream::raw_fd_ostream(int, bool, bool, llvm::raw_ostream::OStreamKind)'
288:/home/lc/opt/gcc14/bin/aarch64-conda-linux-gnu-ld: /home/lc/pyCircuit/simulator/gfsim/harness.cpp:193:(.text+0x794c): undefined reference to `llvm::raw_fd_ostream::~raw_fd_ostream()'
289:/home/lc/opt/gcc14/bin/aarch64-conda-linux-gnu-ld: /home/lc/pyCircuit/simulator/gfsim/harness.cpp:193:(.text+0x7958): undefined reference to `llvm::raw_fd_ostream::~raw_fd_ostream()'
291:/home/lc/pyCircuit/simulator/gfsim/harness.cpp:271:(.text+0x81a8): undefined reference to `llvm::json::Object::operator[](llvm::json::ObjectKey&&)'
292:/home/lc/opt/gcc14/bin/aarch64-conda-linux-gnu-ld: /home/lc/pyCircuit/simulator/gfsim/harness.cpp:304:(.text+0x8e64): undefined reference to `acir::bindings::canonicalizeJson[abi:cxx11](llvm::json::Value const&, acir::bindings::JsonParseLimits const&)'
294:/home/lc/pyCircuit/simulator/gfsim/harness.cpp:701:(.text+0x9514): undefined reference to `llvm::sys::fs::remove_directories(llvm::Twine const&, bool)'
296:/home/lc/pyCircuit/simulator/gfsim/harness.cpp:73:(.text+0x99a8): undefined reference to `llvm::json::Object::get(llvm::StringRef) const'
298:/home/lc/opt/llvm-22.1.8/include/llvm/Support/JSON.h:405:(.text._ZNK4llvm4json5Value4kindEv[_ZNK4llvm4json5Value4kindEv]+0xd4): undefined reference to `llvm::llvm_unreachable_internal(char const*, char const*, unsigned int)'
300:/home/lc/opt/llvm-22.1.8/include/llvm/Support/FileSystem.h:456:(.text._ZN4llvm3sys2fs6existsERKNS_5TwineE[_ZN4llvm3sys2fs6existsERKNS_5TwineE]+0x18): undefined reference to `llvm::sys::fs::access(llvm::Twine const&, llvm::sys::fs::AccessMode)'
302:/home/lc/opt/llvm-22.1.8/include/llvm/Support/Error.h:1315:(.text._ZN4llvm17createStringErrorESt10error_codePKc[_ZN4llvm17createStringErrorESt10error_codePKc]+0x5c): undefined reference to `llvm::createStringError(std::__cxx11::basic_string<char, std::char_traits<char>, std::allocator<char> >&&, std::error_code)'
304:/home/lc/opt/llvm-22.1.8/include/llvm/Support/Error.h:1319:(.text._ZN4llvm17createStringErrorESt10error_codeRKNS_5TwineE[_ZN4llvm17createStringErrorESt10error_codeRKNS_5TwineE]+0x2c): undefined reference to `llvm::Twine::str[abi:cxx11]() const'
305:/home/lc/opt/gcc14/bin/aarch64-conda-linux-gnu-ld: /home/lc/opt/llvm-22.1.8/include/llvm/Support/Error.h:1319:(.text._ZN4llvm17createStringErrorESt10error_codeRKNS_5TwineE[_ZN4llvm17createStringErrorESt10error_codeRKNS_5TwineE]+0x48): undefined reference to `llvm::createStringError(std::__cxx11::basic_string<char, std::char_traits<char>, std::allocator<char> >&&, std::error_code)'
307:/home/lc/opt/llvm-22.1.8/include/llvm/ADT/DenseMap.h:837:(.text._ZN4llvm8DenseMapINS_4json9ObjectKeyENS1_5ValueENS_12DenseMapInfoINS_9StringRefEvEENS_6detail12DenseMapPairIS2_S3_EEE15allocateBucketsEj[_ZN4llvm8DenseMapINS_4json9ObjectKeyENS1_5ValueENS_12DenseMapInfoINS_9StringRefEvEENS_6detail12DenseMapPairIS2_S3_EEE15allocateBucketsEj]+0x64): undefined reference to `llvm::allocate_buffer(unsigned long, unsigned long)'
309:/home/lc/opt/llvm-22.1.8/include/llvm/Support/JSON.h:598:(.text._ZN4llvm4json9ObjectKeyC2ENS_9StringRefE[_ZN4llvm4json9ObjectKeyC2ENS_9StringRefE]+0x44): undefined reference to `llvm::json::isUTF8(llvm::StringRef, unsigned long*)'
311:/home/lc/opt/llvm-22.1.8/include/llvm/ADT/DenseMap.h:826:(.text._ZN4llvm8DenseMapINS_4json9ObjectKeyENS1_5ValueENS_12DenseMapInfoINS_9StringRefEvEENS_6detail12DenseMapPairIS2_S3_EEE17deallocateBucketsEv[_ZN4llvm8DenseMapINS_4json9ObjectKeyENS1_5ValueENS_12DenseMapInfoINS_9StringRefEvEENS_6detail12DenseMapPairIS2_S3_EEE17deallocateBucketsEv]+0x2c): undefined reference to `llvm::deallocate_buffer(void*, unsigned long, unsigned long)'
313:/home/lc/opt/llvm-22.1.8/include/llvm/Support/JSON.h:305:(.text._ZN4llvm4json5ValueC2ERKS1_[_ZN4llvm4json5ValueC2ERKS1_]+0x1c): undefined reference to `llvm::json::Value::copyFrom(llvm::json::Value const&)'
315:/home/lc/opt/llvm-22.1.8/include/llvm/Support/JSON.h:385:(.text._ZN4llvm4json5ValueD2Ev[_ZN4llvm4json5ValueD2Ev]+0x14): undefined reference to `llvm::json::Value::destroy()'
317:/home/lc/opt/llvm-22.1.8/include/llvm/ADT/DenseMap.h:624:(.text._ZNK4llvm12DenseMapBaseINS_8DenseMapINS_4json9ObjectKeyENS2_5ValueENS_12DenseMapInfoINS_9StringRefEvEENS_6detail12DenseMapPairIS3_S4_EEEES3_S4_S7_SA_E6doFindIS3_EEPKSA_RKT_[_ZNK4llvm12DenseMapBaseINS_8DenseMapINS_4json9ObjectKeyENS2_5ValueENS_12DenseMapInfoINS_9StringRefEvEENS_6detail12DenseMapPairIS3_S4_EEEES3_S4_S7_SA_E6doFindIS3_EEPKSA_RKT_]+0x94): undefined reference to `llvm::DenseMapInfo<llvm::StringRef, void>::getHashValue(llvm::StringRef)'
319:/home/lc/opt/llvm-22.1.8/include/llvm/ADT/StringRef.h:728:(.text._ZNK4llvm9StringRef5splitES0_[_ZNK4llvm9StringRef5splitES0_]+0x38): undefined reference to `llvm::StringRef::find(llvm::StringRef, unsigned long) const'
321:/home/lc/opt/llvm-22.1.8/include/llvm/Support/raw_ostream.h:428:(.text._ZN4llvmlsINS_18raw_string_ostreamENS_13format_objectIJPKcEEEEENSt9enable_ifIXaantsr3stdE14is_reference_vIT_Esr3stdE12is_base_of_vINS_11raw_ostreamES7_EEOS7_E4typeES9_RKT0_[_ZN4llvmlsINS_18raw_string_ostreamENS_13format_objectIJPKcEEEEENSt9enable_ifIXaantsr3stdE14is_reference_vIT_Esr3stdE12is_base_of_vINS_11raw_ostreamES7_EEOS7_E4typeES9_RKT0_]+0x1c): undefined reference to `llvm::raw_ostream::operator<<(llvm::format_object_base const&)'
323:/home/lc/opt/llvm-22.1.8/include/llvm/Support/raw_ostream.h:673:(.text._ZN4llvm18raw_string_ostreamC2ERNSt7__cxx1112basic_stringIcSt11char_traitsIcESaIcEEE[_ZN4llvm18raw_string_ostreamC2ERNSt7__cxx1112basic_stringIcSt11char_traitsIcESaIcEEE]+0x2c): undefined reference to `vtable for llvm::raw_string_ostream'
324:/home/lc/opt/gcc14/bin/aarch64-conda-linux-gnu-ld: /home/lc/opt/llvm-22.1.8/include/llvm/Support/raw_ostream.h:673:(.text._ZN4llvm18raw_string_ostreamC2ERNSt7__cxx1112basic_stringIcSt11char_traitsIcESaIcEEE[_ZN4llvm18raw_string_ostreamC2ERNSt7__cxx1112basic_stringIcSt11char_traitsIcESaIcEEE]+0x30): undefined reference to `vtable for llvm::raw_string_ostream'
325:/home/lc/opt/gcc14/bin/aarch64-conda-linux-gnu-ld: /home/lc/opt/llvm-22.1.8/include/llvm/Support/raw_ostream.h:675:(.text._ZN4llvm18raw_string_ostreamC2ERNSt7__cxx1112basic_stringIcSt11char_traitsIcESaIcEEE[_ZN4llvm18raw_string_ostreamC2ERNSt7__cxx1112basic_stringIcSt11char_traitsIcESaIcEEE]+0x6c): undefined reference to `llvm::raw_ostream::~raw_ostream()'
327:/home/lc/opt/llvm-22.1.8/include/llvm/Support/raw_ostream.h:662:(.text._ZN4llvm18raw_string_ostreamD2Ev[_ZN4llvm18raw_string_ostreamD2Ev]+0x14): undefined reference to `llvm::raw_ostream::~raw_ostream()'
329:/home/lc/opt/llvm-22.1.8/include/llvm/Support/raw_ostream.h:137:(.text._ZN4llvm11raw_ostreamC2EbNS0_11OStreamKindE[_ZN4llvm11raw_ostreamC2EbNS0_11OStreamKindE]+0x14): undefined reference to `vtable for llvm::raw_ostream'
330:/home/lc/opt/gcc14/bin/aarch64-conda-linux-gnu-ld: /home/lc/opt/llvm-22.1.8/include/llvm/Support/raw_ostream.h:137:(.text._ZN4llvm11raw_ostreamC2EbNS0_11OStreamKindE[_ZN4llvm11raw_ostreamC2EbNS0_11OStreamKindE]+0x18): undefined reference to `vtable for llvm::raw_ostream'
332:/home/lc/opt/llvm-22.1.8/include/llvm/Support/raw_ostream.h:188:(.text._ZN4llvm11raw_ostream13SetUnbufferedEv[_ZN4llvm11raw_ostream13SetUnbufferedEv]+0x2c): undefined reference to `llvm::raw_ostream::SetBufferAndMode(char*, unsigned long, llvm::raw_ostream::BufferKind)'
334:/home/lc/opt/llvm-22.1.8/include/llvm/Support/raw_ostream.h:201:(.text._ZN4llvm11raw_ostream5flushEv[_ZN4llvm11raw_ostream5flushEv]+0x30): undefined reference to `llvm::raw_ostream::flush_nonempty()'
336:/home/lc/opt/llvm-22.1.8/include/llvm/Support/Format.h:51:(.text._ZN4llvm18format_object_baseC2EPKc[_ZN4llvm18format_object_baseC2EPKc]+0x10): undefined reference to `vtable for llvm::format_object_base'
337:/home/lc/opt/gcc14/bin/aarch64-conda-linux-gnu-ld: /home/lc/opt/llvm-22.1.8/include/llvm/Support/Format.h:51:(.text._ZN4llvm18format_object_baseC2EPKc[_ZN4llvm18format_object_baseC2EPKc]+0x14): undefined reference to `vtable for llvm::format_object_base'
339:/home/lc/opt/gcc14/lib/gcc/aarch64-conda-linux-gnu/14.4.0/../../../gcc/aarch64-conda-linux-gnu/14.4.0/include/c++/bits/unique_ptr.h:1076:(.text._ZSt11make_uniqueIN4llvm11StringErrorEJRNSt7__cxx1112basic_stringIcSt11char_traitsIcESaIcEEERSt10error_codeEENSt8__detail9_MakeUniqIT_E15__single_objectEDpOT0_[_ZSt11make_uniqueIN4llvm11StringErrorEJRNSt7__cxx1112basic_stringIcSt11char_traitsIcESaIcEEERSt10error_codeEENSt8__detail9_MakeUniqIT_E15__single_objectEDpOT0_]+0x54): undefined reference to `llvm::StringError::StringError(llvm::Twine const&, std::error_code)'
341:/home/lc/opt/llvm-22.1.8/include/llvm/Support/JSON.h:649:(.text._ZN4llvm4json6ObjectC2ESt16initializer_listINS1_2KVEE[_ZN4llvm4json6ObjectC2ESt16initializer_listINS1_2KVEE]+0xb8): undefined reference to `llvm::json::Value::moveFrom(llvm::json::Value const&&)'
343:/home/lc/opt/llvm-22.1.8/include/llvm/Support/JSON.h:320:(.text._ZN4llvm4json5ValueC2ENSt7__cxx1112basic_stringIcSt11char_traitsIcESaIcEEE[_ZN4llvm4json5ValueC2ENSt7__cxx1112basic_stringIcSt11char_traitsIcESaIcEEE]+0x40): undefined reference to `llvm::json::isUTF8(llvm::StringRef, unsigned long*)'
345:/home/lc/opt/llvm-22.1.8/include/llvm/Support/JSON.h:332:(.text._ZN4llvm4json5ValueC2ENS_9StringRefE[_ZN4llvm4json5ValueC2ENS_9StringRefE]+0x44): undefined reference to `llvm::json::isUTF8(llvm::StringRef, unsigned long*)'
347:/home/lc/opt/llvm-22.1.8/include/llvm/Support/JSON.h:306:(.text._ZN4llvm4json5ValueC2EOS1_[_ZN4llvm4json5ValueC2EOS1_]+0x1c): undefined reference to `llvm::json::Value::moveFrom(llvm::json::Value const&&)'
349:/home/lc/opt/llvm-22.1.8/include/llvm/ADT/DenseMap.h:667:(.text._ZN4llvm12DenseMapBaseINS_8DenseMapINS_4json9ObjectKeyENS2_5ValueENS_12DenseMapInfoINS_9StringRefEvEENS_6detail12DenseMapPairIS3_S4_EEEES3_S4_S7_SA_E15LookupBucketForIS3_EEbRKT_RPSA_[_ZN4llvm12DenseMapBaseINS_8DenseMapINS_4json9ObjectKeyENS2_5ValueENS_12DenseMapInfoINS_9StringRefEvEENS_6detail12DenseMapPairIS3_S4_EEEES3_S4_S7_SA_E15LookupBucketForIS3_EEbRKT_RPSA_]+0x1d4): undefined reference to `llvm::DenseMapInfo<llvm::StringRef, void>::getHashValue(llvm::StringRef)'
351:/home/lc/opt/llvm-22.1.8/include/llvm/Support/JSON.h:381:(.text._ZN4llvm4json5ValueaSEOS1_[_ZN4llvm4json5ValueaSEOS1_]+0x1c): undefined reference to `llvm::json::Value::destroy()'
352:/home/lc/opt/gcc14/bin/aarch64-conda-linux-gnu-ld: /home/lc/opt/llvm-22.1.8/include/llvm/Support/JSON.h:382:(.text._ZN4llvm4json5ValueaSEOS1_[_ZN4llvm4json5ValueaSEOS1_]+0x28): undefined reference to `llvm::json::Value::moveFrom(llvm::json::Value const&&)'
354:/home/lc/opt/llvm-22.1.8/include/llvm/Support/JSON.h:591:(.text._ZN4llvm4json9ObjectKeyC2ENSt7__cxx1112basic_stringIcSt11char_traitsIcESaIcEEE[_ZN4llvm4json9ObjectKeyC2ENSt7__cxx1112basic_stringIcSt11char_traitsIcESaIcEEE]+0x70): undefined reference to `llvm::json::isUTF8(llvm::StringRef, unsigned long*)'
356:/home/lc/opt/llvm-22.1.8/include/llvm/ADT/Twine.h:305:(.text._ZN4llvm5TwineC2ERKNS_15SmallVectorImplIcEE[_ZN4llvm5TwineC2ERKNS_15SmallVectorImplIcEE]+0x40): undefined reference to `llvm::SmallVectorBase<unsigned long>::size() const'
358:/home/lc/opt/llvm-22.1.8/include/llvm/Support/FileSystem.h:1068:(.text._ZN4llvm3sys2fs16openFileForWriteERKNS_5TwineERiNS1_19CreationDispositionENS1_9OpenFlagsEj[_ZN4llvm3sys2fs16openFileForWriteERKNS_5TwineERiNS1_19CreationDispositionENS1_9OpenFlagsEj]+0x38): undefined reference to `llvm::sys::fs::openFile(llvm::Twine const&, int&, llvm::sys::fs::CreationDisposition, llvm::sys::fs::FileAccess, llvm::sys::fs::OpenFlags, unsigned int)'
360:/home/lc/opt/llvm-22.1.8/include/llvm/Support/raw_ostream.h:231:(.text._ZN4llvm11raw_ostreamlsENS_9StringRefE[_ZN4llvm11raw_ostreamlsENS_9StringRefE]+0x64): undefined reference to `llvm::raw_ostream::write(char const*, unsigned long)'
362:/home/lc/opt/llvm-22.1.8/include/llvm/ADT/SmallVector.h:689:(.text._ZN4llvm15SmallVectorImplIcE6appendIPKcvEEvT_S5_[_ZN4llvm15SmallVectorImplIcE6appendIPKcvEEvT_S5_]+0x70): undefined reference to `llvm::SmallVectorBase<unsigned long>::size() const'
363:/home/lc/opt/gcc14/bin/aarch64-conda-linux-gnu-ld: /home/lc/opt/llvm-22.1.8/include/llvm/ADT/SmallVector.h:691:(.text._ZN4llvm15SmallVectorImplIcE6appendIPKcvEEvT_S5_[_ZN4llvm15SmallVectorImplIcE6appendIPKcvEEvT_S5_]+0xb4): undefined reference to `llvm::SmallVectorBase<unsigned long>::size() const'
364:/home/lc/opt/gcc14/bin/aarch64-conda-linux-gnu-ld: /home/lc/opt/llvm-22.1.8/include/llvm/ADT/SmallVector.h:691:(.text._ZN4llvm15SmallVectorImplIcE6appendIPKcvEEvT_S5_[_ZN4llvm15SmallVectorImplIcE6appendIPKcvEEvT_S5_]+0xc8): undefined reference to `llvm::SmallVectorBase<unsigned long>::set_size(unsigned long)'
366:/home/lc/opt/llvm-22.1.8/include/llvm/ADT/SmallVector.h:137:(.text._ZN4llvm25SmallVectorTemplateCommonIcvEC2Em[_ZN4llvm25SmallVectorTemplateCommonIcvEC2Em]+0x2c): undefined reference to `llvm::SmallVectorBase<unsigned long>::SmallVectorBase(void*, unsigned long)'
368:/home/lc/opt/llvm-22.1.8/include/llvm/ADT/SmallVector.h:667:(.text._ZN4llvm15SmallVectorImplIcE7reserveEm[_ZN4llvm15SmallVectorImplIcE7reserveEm]+0x1c): undefined reference to `llvm::SmallVectorBase<unsigned long>::capacity() const'
370:/home/lc/opt/llvm-22.1.8/include/llvm/ADT/SmallVector.h:275:(.text._ZN4llvm25SmallVectorTemplateCommonIcvE3endEv[_ZN4llvm25SmallVectorTemplateCommonIcvE3endEv]+0x28): undefined reference to `llvm::SmallVectorBase<unsigned long>::size() const'
372:/home/lc/opt/llvm-22.1.8/include/llvm/ADT/SmallVector.h:199:(.text._ZN4llvm25SmallVectorTemplateCommonIcvE15assertSafeToAddEPKvm[_ZN4llvm25SmallVectorTemplateCommonIcvE15assertSafeToAddEPKvm]+0x28): undefined reference to `llvm::SmallVectorBase<unsigned long>::size() const'
374:/home/lc/opt/llvm-22.1.8/include/llvm/ADT/SmallVector.h:182:(.text._ZN4llvm25SmallVectorTemplateCommonIcvE28isSafeToReferenceAfterResizeEPKvm[_ZN4llvm25SmallVectorTemplateCommonIcvE28isSafeToReferenceAfterResizeEPKvm]+0x50): undefined reference to `llvm::SmallVectorBase<unsigned long>::size() const'
375:/home/lc/opt/gcc14/bin/aarch64-conda-linux-gnu-ld: /home/lc/opt/llvm-22.1.8/include/llvm/ADT/SmallVector.h:186:(.text._ZN4llvm25SmallVectorTemplateCommonIcvE28isSafeToReferenceAfterResizeEPKvm[_ZN4llvm25SmallVectorTemplateCommonIcvE28isSafeToReferenceAfterResizeEPKvm]+0xa0): undefined reference to `llvm::SmallVectorBase<unsigned long>::capacity() const'
377:/home/lc/opt/llvm-22.1.8/include/llvm/ADT/SmallVector.h:276:(.text._ZNK4llvm25SmallVectorTemplateCommonIcvE3endEv[_ZNK4llvm25SmallVectorTemplateCommonIcvE3endEv]+0x28): undefined reference to `llvm::SmallVectorBase<unsigned long>::size() const'
379:/home/lc/opt/llvm-22.1.8/include/llvm/ADT/SmallVector.h:140:(.text._ZN4llvm25SmallVectorTemplateCommonIcvE8grow_podEmm[_ZN4llvm25SmallVectorTemplateCommonIcvE8grow_podEmm]+0x34): undefined reference to `llvm::SmallVectorBase<unsigned long>::grow_pod(void*, unsigned long, unsigned long)'
381:/home/lc/opt/llvm-22.1.8/include/llvm/ADT/SmallVector.h:1246:(.text._ZN4llvm11SmallVectorIcLj256EEC2ERKS1_[_ZN4llvm11SmallVectorIcLj256EEC2ERKS1_]+0x28): undefined reference to `llvm::SmallVectorBase<unsigned long>::empty() const'
383:/home/lc/opt/llvm-22.1.8/include/llvm/ADT/SmallVector.h:1020:(.text._ZN4llvm15SmallVectorImplIcEaSERKS1_[_ZN4llvm15SmallVectorImplIcEaSERKS1_]+0x3c): undefined reference to `llvm::SmallVectorBase<unsigned long>::size() const'
384:/home/lc/opt/gcc14/bin/aarch64-conda-linux-gnu-ld: /home/lc/opt/llvm-22.1.8/include/llvm/ADT/SmallVector.h:1021:(.text._ZN4llvm15SmallVectorImplIcEaSERKS1_[_ZN4llvm15SmallVectorImplIcEaSERKS1_]+0x4c): undefined reference to `llvm::SmallVectorBase<unsigned long>::size() const'
385:/home/lc/opt/gcc14/bin/aarch64-conda-linux-gnu-ld: /home/lc/opt/llvm-22.1.8/include/llvm/ADT/SmallVector.h:1034:(.text._ZN4llvm15SmallVectorImplIcEaSERKS1_[_ZN4llvm15SmallVectorImplIcEaSERKS1_]+0xec): undefined reference to `llvm::SmallVectorBase<unsigned long>::set_size(unsigned long)'
386:/home/lc/opt/gcc14/bin/aarch64-conda-linux-gnu-ld: /home/lc/opt/llvm-22.1.8/include/llvm/ADT/SmallVector.h:1041:(.text._ZN4llvm15SmallVectorImplIcEaSERKS1_[_ZN4llvm15SmallVectorImplIcEaSERKS1_]+0x100): undefined reference to `llvm::SmallVectorBase<unsigned long>::capacity() const'
387:/home/lc/opt/gcc14/bin/aarch64-conda-linux-gnu-ld: /home/lc/opt/llvm-22.1.8/include/llvm/ADT/SmallVector.h:1056:(.text._ZN4llvm15SmallVectorImplIcEaSERKS1_[_ZN4llvm15SmallVectorImplIcEaSERKS1_]+0x1cc): undefined reference to `llvm::SmallVectorBase<unsigned long>::set_size(unsigned long)'
388:/home/lc/opt/gcc14/bin/aarch64-conda-linux-gnu-ld: /home/lc/pyCircuit/.pycircuit_out/local-clang22/build/compiler/acir/gfsim/libgfsim.a(harness.cpp.o):(.data+0x0): undefined reference to `llvm::DisableABIBreakingChecks'
389:/home/lc/opt/gcc14/bin/aarch64-conda-linux-gnu-ld: /home/lc/pyCircuit/.pycircuit_out/local-clang22/build/compiler/acir/gfsim/libgfsim.a(harness.cpp.o):(.data.rel.ro._ZTVN4llvm13format_objectIJPKcEEE[_ZTVN4llvm13format_objectIJPKcEEE]+0x10): undefined reference to `llvm::format_object_base::home()'
391:/home/lc/pyCircuit/simulator/gfsim/trace.cpp:60:(.text+0x3cc): undefined reference to `acir::bindings::parseIJson(llvm::StringRef, acir::bindings::JsonParseLimits const&)'
392:/home/lc/opt/gcc14/bin/aarch64-conda-linux-gnu-ld: /home/lc/pyCircuit/simulator/gfsim/trace.cpp:63:(.text+0x404): undefined reference to `llvm::toString[abi:cxx11](llvm::Error)'
394:/home/lc/pyCircuit/simulator/gfsim/trace.cpp:152:(.text+0x1298): undefined reference to `llvm::json::Object::getString(llvm::StringRef) const'
395:/home/lc/opt/gcc14/bin/aarch64-conda-linux-gnu-ld: /home/lc/pyCircuit/simulator/gfsim/trace.cpp:153:(.text+0x12cc): undefined reference to `llvm::json::Object::getString(llvm::StringRef) const'
396:/home/lc/opt/gcc14/bin/aarch64-conda-linux-gnu-ld: /home/lc/pyCircuit/simulator/gfsim/trace.cpp:154:(.text+0x1300): undefined reference to `llvm::json::Object::getString(llvm::StringRef) const'
397:/home/lc/opt/gcc14/bin/aarch64-conda-linux-gnu-ld: /home/lc/pyCircuit/simulator/gfsim/trace.cpp:165:(.text+0x191c): undefined reference to `llvm::json::Object::getObject(llvm::StringRef) const'
398:/home/lc/opt/gcc14/bin/aarch64-conda-linux-gnu-ld: /home/lc/pyCircuit/simulator/gfsim/trace.cpp:172:(.text+0x1b38): undefined reference to `llvm::json::Object::getArray(llvm::StringRef) const'
400:/home/lc/pyCircuit/simulator/gfsim/trace.cpp:117:(.text+0x2870): undefined reference to `llvm::json::Object::get(llvm::StringRef) const'
402:/home/lc/pyCircuit/simulator/gfsim/trace.cpp:207:(.text+0x2c38): undefined reference to `llvm::json::Object::get(llvm::StringRef) const'
403:/home/lc/opt/gcc14/bin/aarch64-conda-linux-gnu-ld: /home/lc/pyCircuit/simulator/gfsim/trace.cpp:210:(.text+0x2ce4): undefined reference to `llvm::json::Object::get(llvm::StringRef) const'
404:/home/lc/opt/gcc14/bin/aarch64-conda-linux-gnu-ld: /home/lc/pyCircuit/simulator/gfsim/trace.cpp:214:(.text+0x2d94): undefined reference to `llvm::json::Object::get(llvm::StringRef) const'
405:/home/lc/opt/gcc14/bin/aarch64-conda-linux-gnu-ld: /home/lc/pyCircuit/simulator/gfsim/trace.cpp:218:(.text+0x2e44): undefined reference to `llvm::json::Object::get(llvm::StringRef) const'
406:/home/lc/opt/gcc14/bin/aarch64-conda-linux-gnu-ld: /home/lc/pyCircuit/.pycircuit_out/local-clang22/build/compiler/acir/gfsim/libgfsim.a(trace.cpp.o):/home/lc/pyCircuit/simulator/gfsim/trace.cpp:222: more undefined references to `llvm::json::Object::get(llvm::StringRef) const' follow
408:/home/lc/pyCircuit/simulator/gfsim/trace.cpp:287:(.text+0x3f78): undefined reference to `llvm::json::Object::getArray(llvm::StringRef) const'
409:/home/lc/opt/gcc14/bin/aarch64-conda-linux-gnu-ld: /home/lc/pyCircuit/simulator/gfsim/trace.cpp:309:(.text+0x46c4): undefined reference to `llvm::json::Object::getArray(llvm::StringRef) const'
410:/home/lc/opt/gcc14/bin/aarch64-conda-linux-gnu-ld: /home/lc/pyCircuit/simulator/gfsim/trace.cpp:333:(.text+0x4f84): undefined reference to `llvm::json::Object::getObject(llvm::StringRef) const'
411:/home/lc/opt/gcc14/bin/aarch64-conda-linux-gnu-ld: /home/lc/pyCircuit/simulator/gfsim/trace.cpp:351:(.text+0x5658): undefined reference to `llvm::json::Object::get(llvm::StringRef) const'
412:/home/lc/opt/gcc14/bin/aarch64-conda-linux-gnu-ld: /home/lc/pyCircuit/simulator/gfsim/trace.cpp:358:(.text+0x57e4): undefined reference to `llvm::json::Object::getObject(llvm::StringRef) const'
413:/home/lc/opt/gcc14/bin/aarch64-conda-linux-gnu-ld: /home/lc/pyCircuit/simulator/gfsim/trace.cpp:364:(.text+0x5988): undefined reference to `llvm::json::Object::get(llvm::StringRef) const'
415:/home/lc/pyCircuit/simulator/gfsim/trace.cpp:541:(.text+0x5dbc): undefined reference to `acir::bindings::canonicalizeJson[abi:cxx11](llvm::json::Value const&, acir::bindings::JsonParseLimits const&)'
416:/home/lc/opt/gcc14/bin/aarch64-conda-linux-gnu-ld: /home/lc/pyCircuit/simulator/gfsim/trace.cpp:544:(.text+0x5e68): undefined reference to `llvm::toString[abi:cxx11](llvm::Error)'
417:/home/lc/opt/gcc14/bin/aarch64-conda-linux-gnu-ld: /home/lc/pyCircuit/simulator/gfsim/trace.cpp:545:(.text+0x6000): undefined reference to `acir::bindings::sha256Fingerprint[abi:cxx11](llvm::StringRef)'
419:/home/lc/pyCircuit/simulator/gfsim/trace.cpp:375:(.text+0x75e0): undefined reference to `llvm::json::Object::get(llvm::StringRef) const'
420:/home/lc/opt/gcc14/bin/aarch64-conda-linux-gnu-ld: /home/lc/pyCircuit/simulator/gfsim/trace.cpp:383:(.text+0x788c): undefined reference to `llvm::json::Object::get(llvm::StringRef) const'
421:/home/lc/opt/gcc14/bin/aarch64-conda-linux-gnu-ld: /home/lc/pyCircuit/simulator/gfsim/trace.cpp:387:(.text+0x7a1c): undefined reference to `llvm::json::Object::get(llvm::StringRef) const'
422:/home/lc/opt/gcc14/bin/aarch64-conda-linux-gnu-ld: /home/lc/pyCircuit/simulator/gfsim/trace.cpp:400:(.text+0x7da4): undefined reference to `llvm::json::Object::get(llvm::StringRef) const'
423:/home/lc/opt/gcc14/bin/aarch64-conda-linux-gnu-ld: /home/lc/pyCircuit/simulator/gfsim/trace.cpp:408:(.text+0x8078): undefined reference to `llvm::json::Object::get(llvm::StringRef) const'
424:/home/lc/opt/gcc14/bin/aarch64-conda-linux-gnu-ld: /home/lc/pyCircuit/.pycircuit_out/local-clang22/build/compiler/acir/gfsim/libgfsim.a(trace.cpp.o):/home/lc/pyCircuit/simulator/gfsim/trace.cpp:410: more undefined references to `llvm::json::Object::get(llvm::StringRef) const' follow
425:/home/lc/opt/gcc14/bin/aarch64-conda-linux-gnu-ld: /home/lc/pyCircuit/.pycircuit_out/local-clang22/build/compiler/acir/gfsim/libgfsim.a(trace.cpp.o):(.data+0x0): undefined reference to `llvm::DisableABIBreakingChecks'
440:Failed Tests (1):
441:  AgenticCircuit :: CodeGen/emit-cxx-current.mlir
446:Total Discovered Tests: 197
447:  Unsupported:   2 (1.02%)
448:  Passed     : 194 (98.48%)
449:  Failed     :   1 (0.51%)
