-- Testing: 28 of 197 tests, 28 workers --
PASS: AgenticCircuit :: Transforms/rule-checks.mlir (1 of 28)
PASS: AgenticCircuit :: Transforms/rule-blocking-branch-invalid.mlir (2 of 28)
PASS: AgenticCircuit :: Transforms/value-constraints-rule-lowering.mlir (3 of 28)
PASS: AgenticCircuit :: Transforms/rule-multi-output-lowering.mlir (4 of 28)
PASS: AgenticCircuit :: Transforms/rule-eight-output-lowering.mlir (5 of 28)
PASS: AgenticCircuit :: ACIR/predicate-type-invalid.mlir (6 of 28)
PASS: AgenticCircuit :: ACIR/firing-footprint-invalid.mlir (7 of 28)
PASS: AgenticCircuit :: Transforms/rule-lowering-invalid.mlir (8 of 28)
PASS: AgenticCircuit :: Transforms/rule-lowering.mlir (9 of 28)
PASS: AgenticCircuit :: ACIR/rule-table-invalid.mlir (10 of 28)
PASS: AgenticCircuit :: ACIR/rule-invalid.mlir (11 of 28)
PASS: AgenticCircuit :: ACIR/firing-invalid.mlir (12 of 28)
PASS: AgenticCircuit :: Transforms/rule-pure-optional-lowering.mlir (13 of 28)
PASS: AgenticCircuit :: Transforms/rule-multi-input-lowering.mlir (14 of 28)
PASS: AgenticCircuit :: Transforms/rule-state-driven-lowering.mlir (15 of 28)
PASS: AgenticCircuit :: Transforms/rule-blocking-branch-lowering.mlir (16 of 28)
PASS: AgenticCircuit :: Transforms/queue-multi-rule-module-freeze.mlir (17 of 28)
PASS: AgenticCircuit :: Transforms/rule-owner-write-batch.mlir (18 of 28)
PASS: AgenticCircuit :: Transforms/rule-branch-join-lowering.mlir (19 of 28)
PASS: AgenticCircuit :: Transforms/rule-cse-footprints.mlir (20 of 28)
PASS: AgenticCircuit :: Transforms/rule-optional-output-lowering.mlir (21 of 28)
PASS: AgenticCircuit :: Transforms/rule-table-lowering.mlir (22 of 28)
PASS: AgenticCircuit :: Transforms/rule-table-multi-input-lowering.mlir (23 of 28)
PASS: AgenticCircuit :: Transforms/queue-multi-rule-multi-owner-module.mlir (24 of 28)
PASS: AgenticCircuit :: Transforms/rule-branch-local-lowering.mlir (25 of 28)
PASS: AgenticCircuit :: Transforms/rule-consume-only-lowering.mlir (26 of 28)
PASS: AgenticCircuit :: Transforms/rule-multi-state-lowering.mlir (27 of 28)
PASS: AgenticCircuit :: Transforms/rule-snapshot-set-lowering.mlir (28 of 28)

Testing Time: 3.21s

Total Discovered Tests: 197
  Excluded: 169 (85.79%)
  Passed  :  28 (14.21%)
