============================= test session starts ==============================
platform linux -- Python 3.11.16, pytest-9.1.1, pluggy-1.6.0
rootdir: /home/lc/pyCircuit
configfile: pyproject.toml
plugins: xdist-3.8.0, cov-7.1.0
collected 376 items

tests/python/agentic-circuit/python_frontend/test_acpy.py ...            [  0%]
tests/python/agentic-circuit/python_frontend/test_blocking_branch.py ... [  1%]
.....                                                                    [  2%]
tests/python/agentic-circuit/python_frontend/test_definitions.py ....... [  4%]
..                                                                       [  5%]
tests/python/agentic-circuit/python_frontend/test_determinism.py ..      [  5%]
tests/python/agentic-circuit/python_frontend/test_field_assignment.py .. [  6%]
.......                                                                  [  8%]
tests/python/agentic-circuit/python_frontend/test_jit_blocks.py ......ss [ 10%]
....s.........                                                           [ 14%]
tests/python/agentic-circuit/python_frontend/test_jit_source_closure.py . [ 14%]
.....                                                                    [ 15%]
tests/python/agentic-circuit/python_frontend/test_lower_acir.py ...s     [ 16%]
tests/python/agentic-circuit/python_frontend/test_normalization.py ...   [ 17%]
tests/python/agentic-circuit/python_frontend/test_process.py .....       [ 18%]
tests/python/agentic-circuit/python_frontend/test_public_api.py ........ [ 21%]
..........                                                               [ 23%]
tests/python/agentic-circuit/python_frontend/test_queue_codegen.py ..... [ 25%]
........                                                                 [ 27%]
tests/python/agentic-circuit/python_frontend/test_queue_frontend.py .... [ 28%]
........................................................................ [ 47%]
......................................................................   [ 65%]
tests/python/agentic-circuit/python_frontend/test_resources.py ....      [ 67%]
tests/python/agentic-circuit/python_frontend/test_rule_literal_context.py . [ 67%]
....                                                                     [ 68%]
tests/python/agentic-circuit/python_frontend/test_scopes_collections.py . [ 68%]
....                                                                     [ 69%]
tests/python/agentic-circuit/python_frontend/test_source_capture.py .... [ 70%]
....                                                                     [ 71%]
tests/python/agentic-circuit/python_frontend/test_source_names.py ..     [ 72%]
tests/python/agentic-circuit/python_frontend/test_static_eval.py ....... [ 74%]
.                                                                        [ 74%]
tests/python/agentic-circuit/contracts/test_contracts.py ............... [ 78%]
...........                                                              [ 81%]
tests/python/agentic-circuit/contracts/test_ir_coverage.py ...........   [ 84%]
tests/python/agentic-circuit/contracts/test_queue_type_hygiene.py .....  [ 85%]
tests/python/agentic-circuit/cli/test_all_commands.py .                  [ 85%]
tests/python/agentic-circuit/cli/test_build_command.py ....              [ 86%]
tests/python/agentic-circuit/cli/test_cli_parser.py .......              [ 88%]
tests/python/agentic-circuit/cli/test_compile_command.py .......         [ 90%]
tests/python/agentic-circuit/cli/test_determinism.py ..                  [ 91%]
tests/python/agentic-circuit/cli/test_discovery_commands.py ....         [ 92%]
tests/python/agentic-circuit/cli/test_exit_codes.py ...                  [ 93%]
tests/python/agentic-circuit/cli/test_frontend_commands.py ....          [ 94%]
tests/python/agentic-circuit/cli/test_inspect_command.py ....            [ 95%]
tests/python/agentic-circuit/cli/test_installation.py .                  [ 95%]
tests/python/agentic-circuit/cli/test_native_api.py .....                [ 96%]
tests/python/agentic-circuit/cli/test_run_command.py .......             [ 98%]
tests/python/agentic-circuit/cli/test_workspace.py .....                 [100%]

================== 372 passed, 4 skipped in 228.61s (0:03:48) ==================
