
[31m │  ⚠  Warning from the Material for MkDocs team[0m
[31m │[0m
[31m │[0m  MkDocs 2.0, the underlying framework of Material for MkDocs,
[31m │[0m  will introduce backward-incompatible changes, including:
[31m │[0m
[31m │  × [0mAll plugins will stop working – the plugin system has been removed
[31m │  × [0mAll theme overrides will break – the theming system has been rewritten
[31m │  × [0mNo migration path exists – existing projects cannot be upgraded
[31m │  × [0mClosed contribution model – community members can't report bugs
[31m │  × [0mCurrently unlicensed – unsuitable for production use
[31m │[0m
[31m │[0m  Our full analysis:
[31m │[0m
[31m │[0m  [4mhttps://squidfunk.github.io/mkdocs-material/blog/2026/02/18/mkdocs-2.0/[0m
[0m
INFO    -  Cleaning site directory
INFO    -  Building documentation to directory: /home/lc/pyCircuit/_build/html
INFO    -  The following pages exist in the docs directory, but are not included in the "nav" configuration:
  - SIDECAR_SCHEDULE.md
  - arm_data_type.md
  - asl_alignment_todo.md
  - cycle_balance_improvement.md
  - cycle_balance_improvement_detailed_plan.md
  - pycircuit_implementation_method.md
  - simulation.md
  - acir/table-abstraction-design.zh-CN.md
  - acir/spec/README.md
  - acir/spec/agentic-circuit.md
  - acir/spec/agentic-circuit.zh-CN.md
  - acir/spec/verification.md
  - acir/spec/00-charter/scope.md
  - acir/spec/refs/history.md
  - development/davincioo-module-workflow.md
  - development/pyc-ir-inventory.md
  - development/acir/queue-table-flow.md
  - development/acir/support.md
  - development/acir/verification/ir-coverage.md
  - development/acir/verification/pyc-verilog-backend.md
  - development/acir/verification/repository-layout.md
  - framework-issues/README.md
  - framework-issues/FW-0001-cse-footprints.md
  - framework-issues/FW-0002-nested-blocking-guard.md
  - framework-issues/FW-0003-replay-reset.md
  - framework-issues/FW-0004-acir-build-link.md
  - framework-issues/FW-0005-field-assignment-syntax.md
  - framework-issues/FW-0006-pure-helper-functions.md
  - framework-issues/FW-0007-output-presence-diagnostic.md
  - framework-issues/FW-0008-native-test-expectations.md
  - gates/logs/2026-09-05-ooo-integer-foundation/README.md
  - gates/logs/2026-09-05-ooo-integer-semantics/README.md
  - gates/logs/2026-09-05-ooo-prf-readiness/README.md
  - gates/logs/2026-09-05-ooo-query-order/README.md
  - gates/logs/2026-09-05-ooo-rule-stages/README.md
  - gates/logs/2026-09-05-ooo-source-capture/README.md
  - gates/logs/2026-09-06-ooo-recovery/README.md
  - gates/logs/20260303-093808/matrix_summary.md
  - gates/logs/20260831-agentic-consolidation-r2/migration_closure.md
  - gates/logs/20260901-ac-table-prototype/summary.md
  - gates/logs/20260902-ac-table-masked-write/commands.md
  - gates/logs/20260902-ac-table-masked-write/summary.md
  - gates/logs/20260902-ac-table-slot-match/commands.md
  - gates/logs/20260903-ac-table-allocation/summary.md
  - gates/logs/20260903-ac-table-multi-writer/summary.md
  - gates/logs/20260903-ac-table-shared-selection/summary.md
  - gates/logs/20260903-ac-table-stack-closure-r5/closure_summary.md
  - gates/logs/20260904-ac-rule-epoch05-r6/closure_summary.md
  - gates/logs/20260904-ac-rule-firing/commands.md
  - gates/logs/20260904-ac-rule-firing/summary.md
  - gates/logs/20260904-framework-boundary-r1/boundary_summary.md
  - gates/logs/20260904-pr-release-gate-tiering-r1/summary.md
  - gates/logs/20260905-ac-commit-groups-r1/summary.md
  - gates/logs/20260905-ac-stateful-rule-r1/summary.md
  - gates/logs/20260905-ac-uint-widths-r1/summary.md
  - gates/logs/20260905-agentic-retirement/summary.md
  - gates/logs/20260905-pyc-count-leading-zeros-r1/summary.md
  - gates/logs/20260905-pyc-popcount-rtl-r1/summary.md
  - gates/logs/20260905-pyc-priority-rtl-r1/summary.md
  - gates/logs/20260905-pyc-zero-count-family-r1/summary.md
  - gates/logs/20260906-aggregate-payload/summary.md
  - gates/logs/20260906-bitfield-spec/summary.md
  - gates/logs/20260906-bounded-constraints/summary.md
  - gates/logs/20260906-enum-payload/summary.md
  - gates/logs/20260906-issue39-closure-r3/summary.md
  - gates/logs/20260906-masked-matching/summary.md
  - gates/logs/20260906-masked-matching-r2/summary.md
  - gates/logs/20260906-nested-payload/summary.md
  - gates/logs/20260906-queue-descriptor-migration/summary.md
  - gates/logs/20260906-recursive-type-descriptor/summary.md
  - gates/logs/20260907-circular-rob-fix/summary.md
  - gates/logs/20260907-issue40-p0-provenance/review.md
  - gates/logs/20260907-issue40-p1-facade/review.md
  - gates/logs/20260907-issue41-primitive-cleanup/summary.md
  - gates/logs/20260907-issue42-scalar-pyc/summary.md
  - gates/logs/20260907-issue44-review-closure/review.md
  - gates/logs/20260907-issue46-multi-output/review.md
  - gates/logs/20260907-issue48-aggregate-invariants/review.md
  - gates/logs/20260907-issue48-davincioo-iex/review.md
  - gates/logs/20260907-main-ac-environment/README.md
  - gates/logs/20260908-b69cbd7d-baseline/summary.md
  - gates/logs/20260908-cli-replay-install/summary.md
  - gates/logs/20260908-davincioo-rob/commands.md
  - gates/logs/20260908-davincioo-rob/summary.md
  - gates/logs/20260908-flow-observer-refactor/summary.md
  - gates/logs/20260908-issue40-p1-api-hygiene/review.md
  - gates/logs/20260908-issue40-p1-cas-boundary/review.md
  - gates/logs/20260908-issue40-p1-compile/review.md
  - gates/logs/20260908-issue40-p1-phantom-params/review.md
  - gates/logs/20260908-issue40-p2-fm16-boundary/review.md
  - gates/logs/20260908-issue48-iex-behavior/review.md
  - gates/logs/20260908-issue48-state-guard-snapshot/review.md
  - gates/logs/20260908-issue63-opt01-invariant-composition/review.md
  - gates/logs/20260908-issue63-opt02-rule-capture/review.md
  - gates/logs/20260908-issue63-opt03-match-fusion/review.md
  - gates/logs/20260908-issue63-opt04-priority-find/review.md
  - gates/logs/20260908-issue63-opt05-table-borrow/review.md
  - gates/logs/20260908-issue63-opt06-davincioo-xbars/review.md
  - gates/logs/20260908-issue63-opt06-static-queue-array/review.md
  - gates/logs/20260908-queue-table-flow/summary.md
  - gates/logs/20260908-replay-main-migration/commands.md
  - gates/logs/20260908-replay-main-migration/summary.md
  - gates/logs/20260908-single-rob/summary.md
  - gates/logs/20260908-source-names/commands.md
  - gates/logs/20260908-source-names/summary.md
  - gates/logs/20260908-table-tree/commands.md
  - gates/logs/20260908-table-tree/summary.md
  - gates/logs/20260909-cmt/development-notes.md
  - gates/logs/20260909-cmt/summary.md
  - gates/logs/20260909-cmt-history-loop/summary.md
  - gates/logs/20260909-fw-0002/summary.md
  - gates/logs/20260909-fw-0002-input-check/summary.md
  - gates/logs/20260909-fw-0005/summary.md
  - gates/logs/20260909-fw-0007/summary.md
  - gates/logs/20260909-fw-0008/summary.md
  - gates/logs/20260909-pure-helper-functions/summary.md
  - gates/logs/20260909-rob-acceptance/summary.md
  - gates/logs/llvm22-upgrade-20260828/llvm22_upgrade_summary.md
  - gates/logs/pyc6-unification/pyc6_migration_summary.md
  - legal/AC-RELICENSE-BSD-3-CLAUSE.md
  - rfcs/acir/D-BLOCK-MODEL-001.md
  - rfcs/acir/D-RELEASE-LAYOUT-001.md
  - rfcs/acir/D-RULE-LOWERING-001.md
WARNING -  Doc file 'development/davincioo-module-workflow.md' contains a link '../../designs/davincioo/spe/ooo/ndf/rob/allocate.md', but the target '../designs/davincioo/spe/ooo/ndf/rob/allocate.md' is not found among documentation files.
WARNING -  Doc file 'framework-issues/README.md' contains a link '../../AGENTS.md#dev-001-record-framework-issues-for-upstream-reporting', but the target '../AGENTS.md' is not found among documentation files.
WARNING -  Doc file 'framework-issues/FW-0001-cse-footprints.md' contains a link '../../tests/mlir/agentic-circuit/Transforms/rule-cse-footprints.mlir', but the target '../tests/mlir/agentic-circuit/Transforms/rule-cse-footprints.mlir' is not found among documentation files.
WARNING -  Doc file 'framework-issues/FW-0001-cse-footprints.md' contains a link '../../compiler/acir/lib/Transforms/LowerRules.cpp', but the target '../compiler/acir/lib/Transforms/LowerRules.cpp' is not found among documentation files.
WARNING -  Doc file 'framework-issues/FW-0002-nested-blocking-guard.md' contains a link '../../tests/integration/agentic-circuit/e2e/fixtures/blocking_branch/architecture.py', but the target '../tests/integration/agentic-circuit/e2e/fixtures/blocking_branch/architecture.py' is not found among documentation files.
WARNING -  Doc file 'framework-issues/FW-0002-nested-blocking-guard.md' contains a link '../../compiler/acir/include/acir/Analysis/PredicateImplication.h', but the target '../compiler/acir/include/acir/Analysis/PredicateImplication.h' is not found among documentation files.
WARNING -  Doc file 'framework-issues/FW-0002-nested-blocking-guard.md' contains a link '../../python/agentic-circuit/src/agentic_circuit/_queue_frontend.py', but the target '../python/agentic-circuit/src/agentic_circuit/_queue_frontend.py' is not found among documentation files.
WARNING -  Doc file 'framework-issues/FW-0002-nested-blocking-guard.md' contains a link '../../designs/davincioo/spe/ooo/cmt.py', but the target '../designs/davincioo/spe/ooo/cmt.py' is not found among documentation files.
WARNING -  Doc file 'framework-issues/FW-0003-replay-reset.md' contains a link '../../designs/davincioo/tests/spe/ooo/cmt_driver.cpp', but the target '../designs/davincioo/tests/spe/ooo/cmt_driver.cpp' is not found among documentation files.
WARNING -  Doc file 'framework-issues/FW-0004-acir-build-link.md' contains a link '../../.pycircuit_out/cmt-work/acir-gate.log', but the target '../.pycircuit_out/cmt-work/acir-gate.log' is not found among documentation files.
WARNING -  Doc file 'framework-issues/FW-0005-field-assignment-syntax.md' contains a link '../../designs/davincioo/spe/ooo/cmt.py', but the target '../designs/davincioo/spe/ooo/cmt.py' is not found among documentation files.
WARNING -  Doc file 'framework-issues/FW-0005-field-assignment-syntax.md' contains a link '../../python/agentic-circuit/src/agentic_circuit/_queue_frontend.py', but the target '../python/agentic-circuit/src/agentic_circuit/_queue_frontend.py' is not found among documentation files.
WARNING -  Doc file 'framework-issues/FW-0006-pure-helper-functions.md' contains a link '../../designs/davincioo/spe/ooo/cmt.py', but the target '../designs/davincioo/spe/ooo/cmt.py' is not found among documentation files.
WARNING -  Doc file 'framework-issues/FW-0007-output-presence-diagnostic.md' contains a link '../../tests/mlir/agentic-circuit/ACIR/rule-invalid.mlir', but the target '../tests/mlir/agentic-circuit/ACIR/rule-invalid.mlir' is not found among documentation files.
WARNING -  Doc file 'framework-issues/FW-0007-output-presence-diagnostic.md' contains a link '../../compiler/acir/lib/Dialect/ACIR/ACIROps.cpp', but the target '../compiler/acir/lib/Dialect/ACIR/ACIROps.cpp' is not found among documentation files.
WARNING -  Doc file 'framework-issues/FW-0007-output-presence-diagnostic.md' contains a link '../../tests/mlir/agentic-circuit/ACIR/predicate-type-invalid.mlir', but the target '../tests/mlir/agentic-circuit/ACIR/predicate-type-invalid.mlir' is not found among documentation files.
WARNING -  Doc file 'framework-issues/FW-0008-native-test-expectations.md' contains a link '../../tests/cpp/agentic-circuit/Dialect/ACIR/OpsTest.cpp', but the target '../tests/cpp/agentic-circuit/Dialect/ACIR/OpsTest.cpp' is not found among documentation files.
INFO    -  Documentation built in 6.42 seconds
