============================= test session starts ==============================
platform linux -- Python 3.11.16, pytest-9.1.1, pluggy-1.6.0
rootdir: /home/lc/pyCircuit
configfile: pyproject.toml
plugins: xdist-3.8.0, cov-7.1.0
collected 387 items

tests/python/agentic-circuit/python_frontend/test_acpy.py ...            [  0%]
tests/python/agentic-circuit/python_frontend/test_blocking_branch.py ... [  1%]
.....                                                                    [  2%]
tests/python/agentic-circuit/python_frontend/test_definitions.py ....... [  4%]
..                                                                       [  5%]
tests/python/agentic-circuit/python_frontend/test_determinism.py ..      [  5%]
tests/python/agentic-circuit/python_frontend/test_field_assignment.py .. [  6%]
.......                                                                  [  8%]
tests/python/agentic-circuit/python_frontend/test_helper_functions.py .. [  8%]
.........                                                                [ 10%]
tests/python/agentic-circuit/python_frontend/test_jit_blocks.py ......ss [ 12%]
....s.........                                                           [ 16%]
tests/python/agentic-circuit/python_frontend/test_jit_source_closure.py . [ 16%]
.....                                                                    [ 18%]
tests/python/agentic-circuit/python_frontend/test_lower_acir.py ...s     [ 19%]
tests/python/agentic-circuit/python_frontend/test_normalization.py ...   [ 19%]
tests/python/agentic-circuit/python_frontend/test_process.py .....       [ 21%]
tests/python/agentic-circuit/python_frontend/test_public_api.py ........ [ 23%]
..........                                                               [ 25%]
tests/python/agentic-circuit/python_frontend/test_queue_codegen.py ..... [ 27%]
........                                                                 [ 29%]
tests/python/agentic-circuit/python_frontend/test_queue_frontend.py .... [ 30%]
........................................................................ [ 48%]
......................................................................   [ 66%]
tests/python/agentic-circuit/python_frontend/test_resources.py ....      [ 67%]
tests/python/agentic-circuit/python_frontend/test_rule_literal_context.py . [ 68%]
....                                                                     [ 69%]
tests/python/agentic-circuit/python_frontend/test_scopes_collections.py . [ 69%]
....                                                                     [ 70%]
tests/python/agentic-circuit/python_frontend/test_source_capture.py .... [ 71%]
....                                                                     [ 72%]
tests/python/agentic-circuit/python_frontend/test_source_names.py ..     [ 73%]
tests/python/agentic-circuit/python_frontend/test_static_eval.py ....... [ 74%]
.                                                                        [ 75%]
tests/python/agentic-circuit/contracts/test_contracts.py ............... [ 79%]
...........                                                              [ 81%]
tests/python/agentic-circuit/contracts/test_ir_coverage.py ...........   [ 84%]
tests/python/agentic-circuit/contracts/test_queue_type_hygiene.py .....  [ 86%]
tests/python/agentic-circuit/cli/test_all_commands.py .                  [ 86%]
tests/python/agentic-circuit/cli/test_build_command.py ....              [ 87%]
tests/python/agentic-circuit/cli/test_cli_parser.py .......              [ 89%]
tests/python/agentic-circuit/cli/test_compile_command.py .......         [ 90%]
tests/python/agentic-circuit/cli/test_determinism.py ..                  [ 91%]
tests/python/agentic-circuit/cli/test_discovery_commands.py ....         [ 92%]
tests/python/agentic-circuit/cli/test_exit_codes.py ...                  [ 93%]
tests/python/agentic-circuit/cli/test_frontend_commands.py ....          [ 94%]
tests/python/agentic-circuit/cli/test_inspect_command.py ....            [ 95%]
tests/python/agentic-circuit/cli/test_installation.py .                  [ 95%]
tests/python/agentic-circuit/cli/test_native_api.py .....                [ 96%]
tests/python/agentic-circuit/cli/test_run_command.py .......             [ 98%]
tests/python/agentic-circuit/cli/test_workspace.py .....                 [100%]

================== 383 passed, 4 skipped in 222.07s (0:03:42) ==================
